exports[`test Business renders 1`] = `
<div
  className="center col-md-12">
  <h2>
    Yundt-Flatley
  </h2>
  <div
    className="col-md-12">
    <a
      className="phone-number"
      href="tel:4034880719">
      4034880719
    </a>
  </div>
  <div
    className="col-md-12">
    <a
      href="http://www.halvorson.com/"
      target="_blank">
      http://www.halvorson.com/
    </a>
  </div>
  <div
    className="col-md-12">
    <div
      className="col-md-12">
      1386 Lim Brooks Suite 517
      Lake Betsy IA US
    </div>
  </div>
</div>
`;
