exports[`test Directory renders with correct number of children 1`] = `
<div
  className="col-md-12">
  <div
    className="row">
    <div
      className="col-md-6">
      <button
        className="btn btn-default"
        disabled={false}
        onClick={[Function]}
        type="button">
        previous
      </button>
    </div>
    <div
      className="col-md-6">
      <button
        className="right btn btn-default"
        disabled={false}
        onClick={[Function]}
        type="button">
        next
      </button>
    </div>
  </div>
  <div
    className="row">
    <div
      className="col-md-12">
      <a
        onClick={[Function]}
        style={Object {}}>
        <div
          className="col-md-2">
          Ol
        </div>
        <div
          className="grey col-md-3">
          Yundt-Flatley
        </div>
      </a>
      <div
        className="col-md-4">
        <a
          href="http://www.halvorson.com/"
          target="_blank">
          http://www.halvorson.com/
        </a>
      </div>
      <div
        className="grey col-md-3">
        <a
          className="phone-number"
          href="tel:4034880719">
          4034880719
        </a>
      </div>
    </div>
    <div
      className="col-md-12">
      <a
        onClick={[Function]}
        style={Object {}}>
        <div
          className="col-md-2">
          Ol
        </div>
        <div
          className="grey col-md-3">
          Botsford Ltd
        </div>
      </a>
      <div
        className="col-md-4">
        <a
          href="http://bergstrom.org/"
          target="_blank">
          http://bergstrom.org/
        </a>
      </div>
      <div
        className="grey col-md-3">
        <a
          className="phone-number"
          href="tel:2462288476">
          2462288476
        </a>
      </div>
    </div>
    <div
      className="col-md-12">
      <a
        onClick={[Function]}
        style={Object {}}>
        <div
          className="col-md-2">
          Ol
        </div>
        <div
          className="grey col-md-3">
          Turner, Kris and Conroy
        </div>
      </a>
      <div
        className="col-md-4">
        <a
          href="http://schmitt.net/"
          target="_blank">
          http://schmitt.net/
        </a>
      </div>
      <div
        className="grey col-md-3">
        <a
          className="phone-number"
          href="tel:1788019885">
          1788019885
        </a>
      </div>
    </div>
    <div
      className="col-md-12">
      <a
        onClick={[Function]}
        style={Object {}}>
        <div
          className="col-md-2">
          Ol
        </div>
        <div
          className="grey col-md-3">
          Kertzmann LLC
        </div>
      </a>
      <div
        className="col-md-4">
        <a
          href="http://okeefe.info/"
          target="_blank">
          http://okeefe.info/
        </a>
      </div>
      <div
        className="grey col-md-3">
        <a
          className="phone-number"
          href="tel:4442359224">
          4442359224
        </a>
      </div>
    </div>
    <div
      className="col-md-12">
      <a
        onClick={[Function]}
        style={Object {}}>
        <div
          className="col-md-2">
          Ol
        </div>
        <div
          className="grey col-md-3">
          Nader-Mosciski
        </div>
      </a>
      <div
        className="col-md-4">
        <a
          href="http://schumm.com/"
          target="_blank">
          http://schumm.com/
        </a>
      </div>
      <div
        className="grey col-md-3">
        <a
          className="phone-number"
          href="tel:7106578275">
          7106578275
        </a>
      </div>
    </div>
    <div
      className="col-md-12">
      <a
        onClick={[Function]}
        style={Object {}}>
        <div
          className="col-md-2">
          Ol
        </div>
        <div
          className="grey col-md-3">
          Renner, Ferry and Dibbert
        </div>
      </a>
      <div
        className="col-md-4">
        <a
          href="http://www.schiller-bartell.net/"
          target="_blank">
          http://www.schiller-bartell.net/
        </a>
      </div>
      <div
        className="grey col-md-3">
        <a
          className="phone-number"
          href="tel:5491562078">
          5491562078
        </a>
      </div>
    </div>
    <div
      className="col-md-12">
      <a
        onClick={[Function]}
        style={Object {}}>
        <div
          className="col-md-2">
          Ol
        </div>
        <div
          className="grey col-md-3">
          Fritsch and Sons
        </div>
      </a>
      <div
        className="col-md-4">
        <a
          href="http://www.schmeler.com/"
          target="_blank">
          http://www.schmeler.com/
        </a>
      </div>
      <div
        className="grey col-md-3">
        <a
          className="phone-number"
          href="tel:6068112791">
          6068112791
        </a>
      </div>
    </div>
    <div
      className="col-md-12">
      <a
        onClick={[Function]}
        style={Object {}}>
        <div
          className="col-md-2">
          Ol
        </div>
        <div
          className="grey col-md-3">
          Bins-Bosco
        </div>
      </a>
      <div
        className="col-md-4">
        <a
          href="http://www.cartwright-white.com/"
          target="_blank">
          http://www.cartwright-white.com/
        </a>
      </div>
      <div
        className="grey col-md-3">
        <a
          className="phone-number"
          href="tel:1516769808">
          1516769808
        </a>
      </div>
    </div>
    <div
      className="col-md-12">
      <a
        onClick={[Function]}
        style={Object {}}>
        <div
          className="col-md-2">
          Ol
        </div>
        <div
          className="grey col-md-3">
          Mueller, Davis and Pfeffer
        </div>
      </a>
      <div
        className="col-md-4">
        <a
          href="http://www.schaefer.com/"
          target="_blank">
          http://www.schaefer.com/
        </a>
      </div>
      <div
        className="grey col-md-3">
        <a
          className="phone-number"
          href="tel:8827125278">
          8827125278
        </a>
      </div>
    </div>
    <div
      className="col-md-12">
      <a
        onClick={[Function]}
        style={Object {}}>
        <div
          className="col-md-2">
          Ol
        </div>
        <div
          className="grey col-md-3">
          Lockman-Ward
        </div>
      </a>
      <div
        className="col-md-4">
        <a
          href="http://legros.org/"
          target="_blank">
          http://legros.org/
        </a>
      </div>
      <div
        className="grey col-md-3">
        <a
          className="phone-number"
          href="tel:7888247882">
          7888247882
        </a>
      </div>
    </div>
    <div
      className="col-md-12">
      <a
        onClick={[Function]}
        style={Object {}}>
        <div
          className="col-md-2">
          Ol
        </div>
        <div
          className="grey col-md-3">
          Bashirian LLC
        </div>
      </a>
      <div
        className="col-md-4">
        <a
          href="http://www.windler.info/"
          target="_blank">
          http://www.windler.info/
        </a>
      </div>
      <div
        className="grey col-md-3">
        <a
          className="phone-number"
          href="tel:1366898018">
          1366898018
        </a>
      </div>
    </div>
    <div
      className="col-md-12">
      <a
        onClick={[Function]}
        style={Object {}}>
        <div
          className="col-md-2">
          Ol
        </div>
        <div
          className="grey col-md-3">
          Jacobson, Bashirian and Hansen
        </div>
      </a>
      <div
        className="col-md-4">
        <a
          href="http://collins.biz/"
          target="_blank">
          http://collins.biz/
        </a>
      </div>
      <div
        className="grey col-md-3">
        <a
          className="phone-number"
          href="tel:5858963747">
          5858963747
        </a>
      </div>
    </div>
    <div
      className="col-md-12">
      <a
        onClick={[Function]}
        style={Object {}}>
        <div
          className="col-md-2">
          Ol
        </div>
        <div
          className="grey col-md-3">
          Waters, Larkin and Nienow
        </div>
      </a>
      <div
        className="col-md-4">
        <a
          href="http://upton.com/"
          target="_blank">
          http://upton.com/
        </a>
      </div>
      <div
        className="grey col-md-3">
        <a
          className="phone-number"
          href="tel:6793339715">
          6793339715
        </a>
      </div>
    </div>
    <div
      className="col-md-12">
      <a
        onClick={[Function]}
        style={Object {}}>
        <div
          className="col-md-2">
          Ol
        </div>
        <div
          className="grey col-md-3">
          Parker LLC
        </div>
      </a>
      <div
        className="col-md-4">
        <a
          href="http://www.kertzmann.com/"
          target="_blank">
          http://www.kertzmann.com/
        </a>
      </div>
      <div
        className="grey col-md-3">
        <a
          className="phone-number"
          href="tel:4778921820">
          4778921820
        </a>
      </div>
    </div>
    <div
      className="col-md-12">
      <a
        onClick={[Function]}
        style={Object {}}>
        <div
          className="col-md-2">
          Ol
        </div>
        <div
          className="grey col-md-3">
          Pollich PLC
        </div>
      </a>
      <div
        className="col-md-4">
        <a
          href="http://www.collier.net/"
          target="_blank">
          http://www.collier.net/
        </a>
      </div>
      <div
        className="grey col-md-3">
        <a
          className="phone-number"
          href="tel:4257221865">
          4257221865
        </a>
      </div>
    </div>
    <div
      className="col-md-12">
      <a
        onClick={[Function]}
        style={Object {}}>
        <div
          className="col-md-2">
          Ol
        </div>
        <div
          className="grey col-md-3">
          Dare PLC
        </div>
      </a>
      <div
        className="col-md-4">
        <a
          href="http://www.rosenbaum-gerhold.com/"
          target="_blank">
          http://www.rosenbaum-gerhold.com/
        </a>
      </div>
      <div
        className="grey col-md-3">
        <a
          className="phone-number"
          href="tel:2250907292">
          2250907292
        </a>
      </div>
    </div>
    <div
      className="col-md-12">
      <a
        onClick={[Function]}
        style={Object {}}>
        <div
          className="col-md-2">
          Ol
        </div>
        <div
          className="grey col-md-3">
          Fritsch PLC
        </div>
      </a>
      <div
        className="col-md-4">
        <a
          href="http://www.gleichner-fay.com/"
          target="_blank">
          http://www.gleichner-fay.com/
        </a>
      </div>
      <div
        className="grey col-md-3">
        <a
          className="phone-number"
          href="tel:4874514201">
          4874514201
        </a>
      </div>
    </div>
    <div
      className="col-md-12">
      <a
        onClick={[Function]}
        style={Object {}}>
        <div
          className="col-md-2">
          Ol
        </div>
        <div
          className="grey col-md-3">
          Rogahn, Armstrong and Towne
        </div>
      </a>
      <div
        className="col-md-4">
        <a
          href="http://ortiz.net/"
          target="_blank">
          http://ortiz.net/
        </a>
      </div>
      <div
        className="grey col-md-3">
        <a
          className="phone-number"
          href="tel:4634023657">
          4634023657
        </a>
      </div>
    </div>
    <div
      className="col-md-12">
      <a
        onClick={[Function]}
        style={Object {}}>
        <div
          className="col-md-2">
          Ol
        </div>
        <div
          className="grey col-md-3">
          Nikolaus, Batz and Hyatt
        </div>
      </a>
      <div
        className="col-md-4">
        <a
          href="http://jacobs.com/"
          target="_blank">
          http://jacobs.com/
        </a>
      </div>
      <div
        className="grey col-md-3">
        <a
          className="phone-number"
          href="tel:6045870402">
          6045870402
        </a>
      </div>
    </div>
    <div
      className="col-md-12">
      <a
        onClick={[Function]}
        style={Object {}}>
        <div
          className="col-md-2">
          Ol
        </div>
        <div
          className="grey col-md-3">
          Smitham Group
        </div>
      </a>
      <div
        className="col-md-4">
        <a
          href="http://www.botsford.com/"
          target="_blank">
          http://www.botsford.com/
        </a>
      </div>
      <div
        className="grey col-md-3">
        <a
          className="phone-number"
          href="tel:5962018046">
          5962018046
        </a>
      </div>
    </div>
    <div
      className="col-md-12">
      <a
        onClick={[Function]}
        style={Object {}}>
        <div
          className="col-md-2">
          Ol
        </div>
        <div
          className="grey col-md-3">
          Anderson LLC
        </div>
      </a>
      <div
        className="col-md-4">
        <a
          href="http://www.weissnat.com/"
          target="_blank">
          http://www.weissnat.com/
        </a>
      </div>
      <div
        className="grey col-md-3">
        <a
          className="phone-number"
          href="tel:2070582456">
          2070582456
        </a>
      </div>
    </div>
    <div
      className="col-md-12">
      <a
        onClick={[Function]}
        style={Object {}}>
        <div
          className="col-md-2">
          Ol
        </div>
        <div
          className="grey col-md-3">
          Runolfsson PLC
        </div>
      </a>
      <div
        className="col-md-4">
        <a
          href="http://www.goldner.com/"
          target="_blank">
          http://www.goldner.com/
        </a>
      </div>
      <div
        className="grey col-md-3">
        <a
          className="phone-number"
          href="tel:4197749267">
          4197749267
        </a>
      </div>
    </div>
    <div
      className="col-md-12">
      <a
        onClick={[Function]}
        style={Object {}}>
        <div
          className="col-md-2">
          Ol
        </div>
        <div
          className="grey col-md-3">
          Schamberger, Nolan and Mann
        </div>
      </a>
      <div
        className="col-md-4">
        <a
          href="http://west.net/"
          target="_blank">
          http://west.net/
        </a>
      </div>
      <div
        className="grey col-md-3">
        <a
          className="phone-number"
          href="tel:5138313444">
          5138313444
        </a>
      </div>
    </div>
    <div
      className="col-md-12">
      <a
        onClick={[Function]}
        style={Object {}}>
        <div
          className="col-md-2">
          Ol
        </div>
        <div
          className="grey col-md-3">
          Miller, Mraz and Beatty
        </div>
      </a>
      <div
        className="col-md-4">
        <a
          href="http://cormier.com/"
          target="_blank">
          http://cormier.com/
        </a>
      </div>
      <div
        className="grey col-md-3">
        <a
          className="phone-number"
          href="tel:8544861760">
          8544861760
        </a>
      </div>
    </div>
    <div
      className="col-md-12">
      <a
        onClick={[Function]}
        style={Object {}}>
        <div
          className="col-md-2">
          Ol
        </div>
        <div
          className="grey col-md-3">
          Harvey and Sons
        </div>
      </a>
      <div
        className="col-md-4">
        <a
          href="http://www.ziemann.com/"
          target="_blank">
          http://www.ziemann.com/
        </a>
      </div>
      <div
        className="grey col-md-3">
        <a
          className="phone-number"
          href="tel:9150464732">
          9150464732
        </a>
      </div>
    </div>
    <div
      className="col-md-12">
      <a
        onClick={[Function]}
        style={Object {}}>
        <div
          className="col-md-2">
          Ol
        </div>
        <div
          className="grey col-md-3">
          Predovic, Hammes and Jenkins
        </div>
      </a>
      <div
        className="col-md-4">
        <a
          href="http://www.okon.com/"
          target="_blank">
          http://www.okon.com/
        </a>
      </div>
      <div
        className="grey col-md-3">
        <a
          className="phone-number"
          href="tel:8450811011">
          8450811011
        </a>
      </div>
    </div>
    <div
      className="col-md-12">
      <a
        onClick={[Function]}
        style={Object {}}>
        <div
          className="col-md-2">
          Ol
        </div>
        <div
          className="grey col-md-3">
          Schroeder Ltd
        </div>
      </a>
      <div
        className="col-md-4">
        <a
          href="http://farrell-hettinger.info/"
          target="_blank">
          http://farrell-hettinger.info/
        </a>
      </div>
      <div
        className="grey col-md-3">
        <a
          className="phone-number"
          href="tel:6835570001">
          6835570001
        </a>
      </div>
    </div>
    <div
      className="col-md-12">
      <a
        onClick={[Function]}
        style={Object {}}>
        <div
          className="col-md-2">
          Ol
        </div>
        <div
          className="grey col-md-3">
          Bayer-Beahan
        </div>
      </a>
      <div
        className="col-md-4">
        <a
          href="http://maggio.info/"
          target="_blank">
          http://maggio.info/
        </a>
      </div>
      <div
        className="grey col-md-3">
        <a
          className="phone-number"
          href="tel:1968006576">
          1968006576
        </a>
      </div>
    </div>
    <div
      className="col-md-12">
      <a
        onClick={[Function]}
        style={Object {}}>
        <div
          className="col-md-2">
          Ol
        </div>
        <div
          className="grey col-md-3">
          Nienow-Gerlach
        </div>
      </a>
      <div
        className="col-md-4">
        <a
          href="http://www.keeling.com/"
          target="_blank">
          http://www.keeling.com/
        </a>
      </div>
      <div
        className="grey col-md-3">
        <a
          className="phone-number"
          href="tel:7129561196">
          7129561196
        </a>
      </div>
    </div>
    <div
      className="col-md-12">
      <a
        onClick={[Function]}
        style={Object {}}>
        <div
          className="col-md-2">
          Ol
        </div>
        <div
          className="grey col-md-3">
          Jaskolski, Marquardt and Mueller
        </div>
      </a>
      <div
        className="col-md-4">
        <a
          href="http://feil.com/"
          target="_blank">
          http://feil.com/
        </a>
      </div>
      <div
        className="grey col-md-3">
        <a
          className="phone-number"
          href="tel:7356889694">
          7356889694
        </a>
      </div>
    </div>
    <div
      className="col-md-12">
      <a
        onClick={[Function]}
        style={Object {}}>
        <div
          className="col-md-2">
          Ol
        </div>
        <div
          className="grey col-md-3">
          Crist, Kuhlman and Stiedemann
        </div>
      </a>
      <div
        className="col-md-4">
        <a
          href="http://rutherford-durgan.com/"
          target="_blank">
          http://rutherford-durgan.com/
        </a>
      </div>
      <div
        className="grey col-md-3">
        <a
          className="phone-number"
          href="tel:7271068051">
          7271068051
        </a>
      </div>
    </div>
    <div
      className="col-md-12">
      <a
        onClick={[Function]}
        style={Object {}}>
        <div
          className="col-md-2">
          Ol
        </div>
        <div
          className="grey col-md-3">
          Kirlin, Mohr and Wisozk
        </div>
      </a>
      <div
        className="col-md-4">
        <a
          href="http://www.koss.org/"
          target="_blank">
          http://www.koss.org/
        </a>
      </div>
      <div
        className="grey col-md-3">
        <a
          className="phone-number"
          href="tel:0827821757">
          0827821757
        </a>
      </div>
    </div>
    <div
      className="col-md-12">
      <a
        onClick={[Function]}
        style={Object {}}>
        <div
          className="col-md-2">
          Ol
        </div>
        <div
          className="grey col-md-3">
          Quigley Group
        </div>
      </a>
      <div
        className="col-md-4">
        <a
          href="http://www.ebert.com/"
          target="_blank">
          http://www.ebert.com/
        </a>
      </div>
      <div
        className="grey col-md-3">
        <a
          className="phone-number"
          href="tel:1187452299">
          1187452299
        </a>
      </div>
    </div>
    <div
      className="col-md-12">
      <a
        onClick={[Function]}
        style={Object {}}>
        <div
          className="col-md-2">
          Ol
        </div>
        <div
          className="grey col-md-3">
          Mraz and Sons
        </div>
      </a>
      <div
        className="col-md-4">
        <a
          href="http://www.runte.com/"
          target="_blank">
          http://www.runte.com/
        </a>
      </div>
      <div
        className="grey col-md-3">
        <a
          className="phone-number"
          href="tel:9543464624">
          9543464624
        </a>
      </div>
    </div>
    <div
      className="col-md-12">
      <a
        onClick={[Function]}
        style={Object {}}>
        <div
          className="col-md-2">
          Ol
        </div>
        <div
          className="grey col-md-3">
          Mante, Dicki and Satterfield
        </div>
      </a>
      <div
        className="col-md-4">
        <a
          href="http://aufderhar.com/"
          target="_blank">
          http://aufderhar.com/
        </a>
      </div>
      <div
        className="grey col-md-3">
        <a
          className="phone-number"
          href="tel:0303519618">
          0303519618
        </a>
      </div>
    </div>
    <div
      className="col-md-12">
      <a
        onClick={[Function]}
        style={Object {}}>
        <div
          className="col-md-2">
          Ol
        </div>
        <div
          className="grey col-md-3">
          Stroman, Halvorson and Denesik
        </div>
      </a>
      <div
        className="col-md-4">
        <a
          href="http://cruickshank.com/"
          target="_blank">
          http://cruickshank.com/
        </a>
      </div>
      <div
        className="grey col-md-3">
        <a
          className="phone-number"
          href="tel:2378157628">
          2378157628
        </a>
      </div>
    </div>
    <div
      className="col-md-12">
      <a
        onClick={[Function]}
        style={Object {}}>
        <div
          className="col-md-2">
          Ol
        </div>
        <div
          className="grey col-md-3">
          Ankunding Group
        </div>
      </a>
      <div
        className="col-md-4">
        <a
          href="http://www.stoltenberg.com/"
          target="_blank">
          http://www.stoltenberg.com/
        </a>
      </div>
      <div
        className="grey col-md-3">
        <a
          className="phone-number"
          href="tel:3632256643">
          3632256643
        </a>
      </div>
    </div>
    <div
      className="col-md-12">
      <a
        onClick={[Function]}
        style={Object {}}>
        <div
          className="col-md-2">
          Ol
        </div>
        <div
          className="grey col-md-3">
          Denesik-Bogisich
        </div>
      </a>
      <div
        className="col-md-4">
        <a
          href="http://kunze.biz/"
          target="_blank">
          http://kunze.biz/
        </a>
      </div>
      <div
        className="grey col-md-3">
        <a
          className="phone-number"
          href="tel:1134687127">
          1134687127
        </a>
      </div>
    </div>
    <div
      className="col-md-12">
      <a
        onClick={[Function]}
        style={Object {}}>
        <div
          className="col-md-2">
          Ol
        </div>
        <div
          className="grey col-md-3">
          Hegmann-Lowe
        </div>
      </a>
      <div
        className="col-md-4">
        <a
          href="http://braun-nicolas.com/"
          target="_blank">
          http://braun-nicolas.com/
        </a>
      </div>
      <div
        className="grey col-md-3">
        <a
          className="phone-number"
          href="tel:6949336515">
          6949336515
        </a>
      </div>
    </div>
    <div
      className="col-md-12">
      <a
        onClick={[Function]}
        style={Object {}}>
        <div
          className="col-md-2">
          Ol
        </div>
        <div
          className="grey col-md-3">
          Stoltenberg, Muller and Dickens
        </div>
      </a>
      <div
        className="col-md-4">
        <a
          href="http://www.mclaughlin.com/"
          target="_blank">
          http://www.mclaughlin.com/
        </a>
      </div>
      <div
        className="grey col-md-3">
        <a
          className="phone-number"
          href="tel:7211056265">
          7211056265
        </a>
      </div>
    </div>
    <div
      className="col-md-12">
      <a
        onClick={[Function]}
        style={Object {}}>
        <div
          className="col-md-2">
          Ol
        </div>
        <div
          className="grey col-md-3">
          Heller-Lind
        </div>
      </a>
      <div
        className="col-md-4">
        <a
          href="http://www.green-cassin.com/"
          target="_blank">
          http://www.green-cassin.com/
        </a>
      </div>
      <div
        className="grey col-md-3">
        <a
          className="phone-number"
          href="tel:0249816319">
          0249816319
        </a>
      </div>
    </div>
    <div
      className="col-md-12">
      <a
        onClick={[Function]}
        style={Object {}}>
        <div
          className="col-md-2">
          Ol
        </div>
        <div
          className="grey col-md-3">
          Bernier, Labadie and Kuvalis
        </div>
      </a>
      <div
        className="col-md-4">
        <a
          href="http://www.upton.com/"
          target="_blank">
          http://www.upton.com/
        </a>
      </div>
      <div
        className="grey col-md-3">
        <a
          className="phone-number"
          href="tel:7529901027">
          7529901027
        </a>
      </div>
    </div>
    <div
      className="col-md-12">
      <a
        onClick={[Function]}
        style={Object {}}>
        <div
          className="col-md-2">
          Ol
        </div>
        <div
          className="grey col-md-3">
          Lesch, Rath and Larson
        </div>
      </a>
      <div
        className="col-md-4">
        <a
          href="http://connelly-renner.com/"
          target="_blank">
          http://connelly-renner.com/
        </a>
      </div>
      <div
        className="grey col-md-3">
        <a
          className="phone-number"
          href="tel:5991751665">
          5991751665
        </a>
      </div>
    </div>
    <div
      className="col-md-12">
      <a
        onClick={[Function]}
        style={Object {}}>
        <div
          className="col-md-2">
          Ol
        </div>
        <div
          className="grey col-md-3">
          Hansen-Reynolds
        </div>
      </a>
      <div
        className="col-md-4">
        <a
          href="http://www.schmitt-lueilwitz.org/"
          target="_blank">
          http://www.schmitt-lueilwitz.org/
        </a>
      </div>
      <div
        className="grey col-md-3">
        <a
          className="phone-number"
          href="tel:2292139990">
          2292139990
        </a>
      </div>
    </div>
    <div
      className="col-md-12">
      <a
        onClick={[Function]}
        style={Object {}}>
        <div
          className="col-md-2">
          Ol
        </div>
        <div
          className="grey col-md-3">
          Rempel, McGlynn and Abshire
        </div>
      </a>
      <div
        className="col-md-4">
        <a
          href="http://mayert.com/"
          target="_blank">
          http://mayert.com/
        </a>
      </div>
      <div
        className="grey col-md-3">
        <a
          className="phone-number"
          href="tel:9947828030">
          9947828030
        </a>
      </div>
    </div>
    <div
      className="col-md-12">
      <a
        onClick={[Function]}
        style={Object {}}>
        <div
          className="col-md-2">
          Ol
        </div>
        <div
          className="grey col-md-3">
          Becker LLC
        </div>
      </a>
      <div
        className="col-md-4">
        <a
          href="http://beer.org/"
          target="_blank">
          http://beer.org/
        </a>
      </div>
      <div
        className="grey col-md-3">
        <a
          className="phone-number"
          href="tel:5431345849">
          5431345849
        </a>
      </div>
    </div>
    <div
      className="col-md-12">
      <a
        onClick={[Function]}
        style={Object {}}>
        <div
          className="col-md-2">
          Ol
        </div>
        <div
          className="grey col-md-3">
          West, Jaskolski and Stroman
        </div>
      </a>
      <div
        className="col-md-4">
        <a
          href="http://schowalter.info/"
          target="_blank">
          http://schowalter.info/
        </a>
      </div>
      <div
        className="grey col-md-3">
        <a
          className="phone-number"
          href="tel:6164509215">
          6164509215
        </a>
      </div>
    </div>
    <div
      className="col-md-12">
      <a
        onClick={[Function]}
        style={Object {}}>
        <div
          className="col-md-2">
          Ol
        </div>
        <div
          className="grey col-md-3">
          Muller Ltd
        </div>
      </a>
      <div
        className="col-md-4">
        <a
          href="http://jones-howe.com/"
          target="_blank">
          http://jones-howe.com/
        </a>
      </div>
      <div
        className="grey col-md-3">
        <a
          className="phone-number"
          href="tel:2633424635">
          2633424635
        </a>
      </div>
    </div>
    <div
      className="col-md-12">
      <a
        onClick={[Function]}
        style={Object {}}>
        <div
          className="col-md-2">
          Ol
        </div>
        <div
          className="grey col-md-3">
          Grimes Group
        </div>
      </a>
      <div
        className="col-md-4">
        <a
          href="http://ledner.org/"
          target="_blank">
          http://ledner.org/
        </a>
      </div>
      <div
        className="grey col-md-3">
        <a
          className="phone-number"
          href="tel:8677489190">
          8677489190
        </a>
      </div>
    </div>
    <div
      className="col-md-12">
      <a
        onClick={[Function]}
        style={Object {}}>
        <div
          className="col-md-2">
          Ol
        </div>
        <div
          className="grey col-md-3">
          Monahan Ltd
        </div>
      </a>
      <div
        className="col-md-4">
        <a
          href="http://smitham.info/"
          target="_blank">
          http://smitham.info/
        </a>
      </div>
      <div
        className="grey col-md-3">
        <a
          className="phone-number"
          href="tel:1872318358">
          1872318358
        </a>
      </div>
    </div>
  </div>
</div>
`;
